python : Creating test database for alias 'default' ('file:memorydb_default?mode=memory&cache=shared')...
At line:1 char:1
+ python manage.py test tests.test_e2e_new_modules --verbosity=2 2>&1 | ...
+ ~~~~~~~~~~~~~~~~~~~~~~~~~~~~~~~~~~~~~~~~~~~~~~~~~~~~~~~~~~~~~~~~~~~
    + CategoryInfo          : NotSpecified: (Creating test d...che=shared')...:String) [], RemoteException
    + FullyQualifiedErrorId : NativeCommandError
 

Found 1 test(s).
Operations to perform:
  Synchronize unmigrated apps: corsheaders, django_filters, humanize, messages, mptt, rest_framework, rest_framework_simplejwt, staticfiles
  Apply all migrations: accounts, admin, audit, auth, catalog, contenttypes, core, inventory, partners, pos, pricing, procurement, qr, sales, services, sessions, warehouses
Synchronizing apps without migrations:
  Creating tables...
    Running deferred SQL...
Running migrations:
  Applying contenttypes.0001_initial... OK
  Applying contenttypes.0002_remove_content_type_name... OK
  Applying auth.0001_initial... OK
  Applying auth.0002_alter_permission_name_max_length... OK
  Applying auth.0003_alter_user_email_max_length... OK
  Applying auth.0004_alter_user_username_opts... OK
  Applying auth.0005_alter_user_last_login_null... OK
  Applying auth.0006_require_contenttypes_0002... OK
  Applying auth.0007_alter_validators_add_error_messages... OK
  Applying auth.0008_alter_user_username_max_length... OK
  Applying auth.0009_alter_user_last_name_max_length... OK
  Applying auth.0010_alter_group_name_max_length... OK
  Applying auth.0011_update_proxy_permissions... OK
  Applying auth.0012_alter_user_first_name_max_length... OK
  Applying accounts.0001_initial... OK
  Applying warehouses.0001_initial... OK
  Applying accounts.0002_initial... OK
  Applying admin.0001_initial... OK
  Applying admin.0002_logentry_remove_auto_add... OK
  Applying admin.0003_logentry_add_action_flag_choices... OK
  Applying audit.0001_initial... OK
  Applying catalog.0001_initial... OK
  Applying catalog.0002_item_cost_price_item_selling_price... OK
  Applying catalog.0003_alter_item_item_type... OK
  Applying catalog.0004_alter_item_item_type... OK
  Applying catalog.0005_item_selling_unit... OK
  Applying catalog.0006_unit_category... OK
  Applying catalog.0007_unitconversion_item... OK
  Applying partners.0001_initial... OK
  Applying sales.0001_initial... OK
  Applying pricing.0001_initial... OK
  Applying pos.0001_initial... OK
  Applying pos.0002_initial... OK
  Applying core.0001_initial... OK
  Applying core.0002_invoice_paid_at_invoicepayment... OK
  Applying core.0003_expense_business_address_expense_item_description_and_more... OK
  Applying core.0004_supplymovement_batch_number_supplymovement_reference... OK
  Applying core.0005_invoice_is_void... OK
  Applying core.0006_invoice_grand_total_cogs... OK
  Applying inventory.0001_initial... OK
  Applying inventory.0002_alter_stockmove_move_type_and_more... OK
  Applying inventory.0003_damagedreportline_batch_number_and_more... OK
  Applying inventory.0004_make_supply_item_optional... OK
  Applying pos.0003_possale_channel... OK
  Applying pos.0004_possale_stock_deducted... OK
  Applying pricing.0002_add_customer_price_catalog... OK
  Applying pricing.0003_customerpricecatalog_effective_dates... OK
  Applying procurement.0001_initial... OK
  Applying procurement.0002_purchaseorder_currency_purchaseorder_exchange_rate_and_more... OK
  Applying procurement.0003_goodsreceiptattachment... OK
  Applying qr.0001_initial... OK
  Applying sales.0002_salesorder_currency_salesorder_exchange_rate_and_more... OK
  Applying sales.0003_salesorder_payment_status_salesorder_receipt_no_and_more... OK
  Applying sales.0004_remove_salesorderline_discount_pct_and_more... OK
  Applying sales.0005_add_salesorder_pricelistline... OK
  Applying sales.0006_deliveryline_batch_number_deliveryline_serial_number_and_more... OK
  Applying sales.0007_salespickup_salespickupline... OK
  Applying services.0001_initial... OK
test_new_modules_full_flow (tests.test_e2e_new_modules.NewModulesFlowTest.test_new_modules_full_flow) ... Not Found: /favicon.ico
FAIL
[17/Mar/2026 23:34:02,123] - Broken pipe from ('127.0.0.1', 63457)
[17/Mar/2026 23:34:02,123] - Broken pipe from ('127.0.0.1', 63456)
[17/Mar/2026 23:34:02,123] - Broken pipe from ('127.0.0.1', 63463)

======================================================================
FAIL: test_new_modules_full_flow (tests.test_e2e_new_modules.NewModulesFlowTest.test_new_modules_full_flow)
----------------------------------------------------------------------
Traceback (most recent call last):
  File "D:\PsyChoNyMouz\Projects\InventorySystem\inventory_system\tests\test_e2e_new_modules.py", line 252, in test_new_modules_full_flow
    self._step_26_tour_auto_start_new_user()
    ~~~~~~~~~~~~~~~~~~~~~~~~~~~~~~~~~~~~~~^^
  File "D:\PsyChoNyMouz\Projects\InventorySystem\inventory_system\tests\test_e2e_new_modules.py", line 831, in _step_26_tour_auto_start_new_user
    self.assertTrue(popover.is_displayed(), 'Tour popover should be visible')
    ~~~~~~~~~~~~~~~^^^^^^^^^^^^^^^^^^^^^^^^^^^^^^^^^^^^^^^^^^^^^^^^^^^^^^^^^^
AssertionError: False is not true : Tour popover should be visible

----------------------------------------------------------------------
Ran 1 test in 39.353s

FAILED (failures=1)
Destroying test database for alias 'default' ('file:memorydb_default?mode=memory&cache=shared')...

  Applying sessions.0001_initial... OK
System check identified no issues (0 silenced).
